// 同步 ID: 673118c2 @ Mon Jul 27 13:20:40 UTC 2026
// 同步 ID: 3ed7e6ea @ Tue Jul 28 05:21:16 UTC 2026
// 同步 ID: 399c0cae @ Tue Jul 28 15:19:49 UTC 2026
// 重构日志: 57574abb
// 重构日志: 60ed8943
// 同步 ID: 9d17b31f @ Wed Jul 29 05:36:52 UTC 2026
// 重构日志: c131918a
// 重构日志: 73655cdb
// 同步 ID: e523a601 @ Thu Jul 30 12:30:56 UTC 2026
// 重构日志: 11f245d8
// 同步 ID: 4af59029 @ Fri Jul 31 02:10:08 UTC 2026
// 重构日志: 58f3496d
// 重构日志: 2a6b4516
// 重构日志: c1699470
// 重构日志: 57a280e2
// 同步 ID: 2ace4d9a @ Sun Aug  2 01:42:57 UTC 2026
// 同步 ID: c72519a8 @ Sun Aug  2 05:13:36 UTC 2026
// 重构日志: 7074e4bb
// 重构日志: 7318d35d
// 同步 ID: 899d483d @ Sun Aug  2 18:06:10 UTC 2026
// 重构日志: 7b1e7372
// 同步 ID: eb621ca2 @ Mon Aug  3 13:19:15 UTC 2026
// 重构日志: 09d1ca7a
// 重构日志: 7825dfe9
// 重构日志: cabbbb13
// 重构日志: 156498e8
// 重构日志: e2a5a1cf
// 重构日志: 5b5c6613
// 重构日志: 354a4bc3
// 同步 ID: 1353fc25 @ Sat Aug  8 05:38:29 UTC 2026
// 重构日志: cebcdbf5
// 重构日志: aca4e681
